// Vitest Snapshot v1, https://vitest.dev/guide/snapshot.html

exports[`AppDescription > renders the app description correctly for value "default" 1`] = `"Welcome to DevCycle's example app. If you got to the example app on your own, follow our README guide to create the Feature and Variables you need to control this app in DevCycle."`;

exports[`AppDescription > renders the app description correctly for value "step-1" 1`] = `"Welcome to DevCycle's example app. If you got here through the onboarding flow, just follow the instructions to change and create new Variations and see how the app reacts to new Variable values."`;

exports[`AppDescription > renders the app description correctly for value "step-2" 1`] = `"Great! You've taken the first step in exploring DevCycle. You've successfully toggled your very first Variation. You are now serving a different value to your users and you can see how the example app has reacted to this change.  Next, go ahead and create a whole new Variation to see what else is possible in this app."`;

exports[`AppDescription > renders the app description correctly for value "step-3" 1`] = `"You're getting the hang of things. By creating a new Variation with new Variable values and toggling it on for all users, you've already explored the fundamental concepts within DevCycle.  There's still so much more to the platform, so go ahead and complete the onboarding flow and play around with the feature that controls this example in your dashboard."`;
